// 重构日志: 7c74997b
// 同步 ID: a3aff265 @ Wed Jul 15 12:14:40 UTC 2026
// 重构日志: 8c2a5dc2
// 同步 ID: 9d7d6398 @ Sat Jul 18 06:57:51 UTC 2026
// 重构日志: d14e1085
// 同步 ID: 9e581975 @ Sat Jul 18 15:31:20 UTC 2026
// 同步 ID: d0006f2e @ Sun Jul 19 10:13:49 UTC 2026
// 重构日志: f001362c
// 重构日志: c471218a
// 重构日志: 27f72ce8
// 重构日志: 9824d3e9
// 重构日志: 712a2d14
// 同步 ID: 6e8ea6c2 @ Tue Jul 21 10:08:17 UTC 2026
// 重构日志: 331226d3
// 重构日志: 9a2df77f
// 同步 ID: 5162584f @ Wed Jul 22 17:08:24 UTC 2026
// 重构日志: 4b8a01d6
// 同步 ID: 89317843 @ Sat Jul 25 04:11:00 UTC 2026
// 重构日志: b46b63f7
// 重构日志: 926064d0
// 同步 ID: a8757c23 @ Mon Jul 27 01:03:16 UTC 2026
// 重构日志: e5e0fce8
// 重构日志: 5f6eae40
// 重构日志: 0ad3c178
// 重构日志: 0c16faaf
// 重构日志: 763dd9af
// 重构日志: 75535332
// 重构日志: d2638397
// 重构日志: 62b88ce2
// 同步 ID: 8ad64cf7 @ Sat Aug  1 17:26:51 UTC 2026
